[2026-10-02 13:45:37,819: INFO: common : Yaml file config/config.yaml loaded successfully]
[2026-10-02 13:45:37,820: INFO: common : Yaml file params.yaml loaded successfully]
[2026-10-02 13:45:37,821: INFO: common : Create directory at artifacts]
[2026-10-02 13:45:37,822: INFO: common : Create directory at artifacts/prepare_base_model]
[2026-10-02 13:45:38,345: WARNING: saving_api : You are saving your model as an HDF5 file via `model.save()` or `keras.saving.save_model(model)`. This file format is considered legacy. We recommend using instead the native Keras format, e.g. `model.save('my_model.keras')` or `keras.saving.save_model(model, 'my_model.keras')`. ]
[2026-10-02 13:45:38,804: WARNING: saving_api : You are saving your model as an HDF5 file via `model.save()` or `keras.saving.save_model(model)`. This file format is considered legacy. We recommend using instead the native Keras format, e.g. `model.save('my_model.keras')` or `keras.saving.save_model(model, 'my_model.keras')`. ]
[2026-10-02 13:47:28,759: INFO: common : Yaml file config/config.yaml loaded successfully]
[2026-10-02 13:47:28,760: INFO: common : Yaml file params.yaml loaded successfully]
[2026-10-02 13:47:28,761: INFO: common : Create directory at artifacts]
[2026-10-02 13:47:28,761: INFO: common : Create directory at artifacts/training]
[2026-10-02 13:47:29,047: WARNING: saving_utils : Compiled the loaded model, but the compiled metrics have yet to be built. `model.compile_metrics` will be empty until you train or evaluate the model.]
[2026-10-02 13:49:08,637: INFO: common : Yaml file config/config.yaml loaded successfully]
[2026-10-02 13:49:08,638: INFO: common : Yaml file params.yaml loaded successfully]
[2026-10-02 13:49:08,639: INFO: common : Create directory at artifacts]
[2026-10-02 13:49:08,640: INFO: common : Create directory at artifacts/training]
[2026-10-02 13:49:08,799: WARNING: saving_utils : Compiled the loaded model, but the compiled metrics have yet to be built. `model.compile_metrics` will be empty until you train or evaluate the model.]
[2026-10-02 13:49:45,614: INFO: common : Yaml file config/config.yaml loaded successfully]
[2026-10-02 13:49:45,615: INFO: common : Yaml file params.yaml loaded successfully]
[2026-10-02 13:49:45,616: INFO: common : Create directory at artifacts]
[2026-10-02 13:49:45,617: INFO: common : Create directory at artifacts/training]
[2026-10-02 13:49:45,782: WARNING: saving_utils : Compiled the loaded model, but the compiled metrics have yet to be built. `model.compile_metrics` will be empty until you train or evaluate the model.]
[2026-10-02 13:50:07,335: WARNING: saving_api : You are saving your model as an HDF5 file via `model.save()` or `keras.saving.save_model(model)`. This file format is considered legacy. We recommend using instead the native Keras format, e.g. `model.save('my_model.keras')` or `keras.saving.save_model(model, 'my_model.keras')`. ]
